2026-06-10 12:51:11,766 INFO  org.testng.internal.Utils - [TestNG] Running:
  C:\wipo_Capstone_Project\testng.xml

2026-06-10 12:51:13,114 INFO  io.github.bonigarcia.wdm.WebDriverManager - Using chromedriver 149.0.7827.55 (resolved driver for Chrome 149)
2026-06-10 12:51:13,382 INFO  io.github.bonigarcia.wdm.WebDriverManager - Exporting webdriver.chrome.driver as C:\Users\bhara\.cache\selenium\chromedriver\win64\149.0.7827.55\chromedriver.exe
2026-06-10 12:51:24,385 INFO  io.github.bonigarcia.wdm.WebDriverManager - Using chromedriver 149.0.7827.55 (resolved driver for Chrome 149)
2026-06-10 12:51:24,748 INFO  io.github.bonigarcia.wdm.WebDriverManager - Exporting webdriver.chrome.driver as C:\Users\bhara\.cache\selenium\chromedriver\win64\149.0.7827.55\chromedriver.exe
2026-06-10 12:51:32,939 INFO  io.github.bonigarcia.wdm.WebDriverManager - Using chromedriver 149.0.7827.55 (resolved driver for Chrome 149)
2026-06-10 12:51:33,273 INFO  io.github.bonigarcia.wdm.WebDriverManager - Exporting webdriver.chrome.driver as C:\Users\bhara\.cache\selenium\chromedriver\win64\149.0.7827.55\chromedriver.exe
2026-06-10 12:51:46,624 INFO  io.github.bonigarcia.wdm.WebDriverManager - Using chromedriver 149.0.7827.55 (resolved driver for Chrome 149)
2026-06-10 12:51:46,766 INFO  io.github.bonigarcia.wdm.WebDriverManager - Exporting webdriver.chrome.driver as C:\Users\bhara\.cache\selenium\chromedriver\win64\149.0.7827.55\chromedriver.exe
2026-06-10 12:52:14,500 INFO  io.github.bonigarcia.wdm.WebDriverManager - Using chromedriver 149.0.7827.55 (resolved driver for Chrome 149)
2026-06-10 12:52:15,475 INFO  io.github.bonigarcia.wdm.WebDriverManager - Exporting webdriver.chrome.driver as C:\Users\bhara\.cache\selenium\chromedriver\win64\149.0.7827.55\chromedriver.exe
2026-06-10 12:52:39,838 INFO  io.github.bonigarcia.wdm.WebDriverManager - Using chromedriver 149.0.7827.55 (resolved driver for Chrome 149)
2026-06-10 12:52:39,945 INFO  io.github.bonigarcia.wdm.WebDriverManager - Exporting webdriver.chrome.driver as C:\Users\bhara\.cache\selenium\chromedriver\win64\149.0.7827.55\chromedriver.exe
2026-06-10 12:52:55,673 INFO  io.github.bonigarcia.wdm.WebDriverManager - Using chromedriver 149.0.7827.55 (resolved driver for Chrome 149)
2026-06-10 12:52:55,789 INFO  io.github.bonigarcia.wdm.WebDriverManager - Exporting webdriver.chrome.driver as C:\Users\bhara\.cache\selenium\chromedriver\win64\149.0.7827.55\chromedriver.exe
2026-06-10 12:53:25,998 INFO  io.github.bonigarcia.wdm.WebDriverManager - Using chromedriver 149.0.7827.55 (resolved driver for Chrome 149)
2026-06-10 12:53:26,398 INFO  io.github.bonigarcia.wdm.WebDriverManager - Exporting webdriver.chrome.driver as C:\Users\bhara\.cache\selenium\chromedriver\win64\149.0.7827.55\chromedriver.exe
2026-06-10 12:53:46,484 INFO  io.github.bonigarcia.wdm.WebDriverManager - Using chromedriver 149.0.7827.55 (resolved driver for Chrome 149)
2026-06-10 12:53:47,219 INFO  io.github.bonigarcia.wdm.WebDriverManager - Exporting webdriver.chrome.driver as C:\Users\bhara\.cache\selenium\chromedriver\win64\149.0.7827.55\chromedriver.exe
2026-06-10 12:54:16,734 INFO  io.github.bonigarcia.wdm.WebDriverManager - Using chromedriver 149.0.7827.55 (resolved driver for Chrome 149)
2026-06-10 12:54:17,252 INFO  io.github.bonigarcia.wdm.WebDriverManager - Exporting webdriver.chrome.driver as C:\Users\bhara\.cache\selenium\chromedriver\win64\149.0.7827.55\chromedriver.exe
2026-06-10 13:02:34,015 INFO  org.testng.internal.Utils - [TestNG] Running:
  C:\wipo_Capstone_Project\testng.xml

2026-06-10 13:02:45,387 INFO  io.github.bonigarcia.wdm.WebDriverManager - Using chromedriver 149.0.7827.55 (resolved driver for Chrome 149)
2026-06-10 13:02:45,580 INFO  io.github.bonigarcia.wdm.WebDriverManager - Exporting webdriver.chrome.driver as C:\Users\bhara\.cache\selenium\chromedriver\win64\149.0.7827.55\chromedriver.exe
2026-06-10 13:03:04,541 INFO  io.github.bonigarcia.wdm.WebDriverManager - Using chromedriver 149.0.7827.55 (resolved driver for Chrome 149)
2026-06-10 13:03:05,090 INFO  io.github.bonigarcia.wdm.WebDriverManager - Exporting webdriver.chrome.driver as C:\Users\bhara\.cache\selenium\chromedriver\win64\149.0.7827.55\chromedriver.exe
2026-06-10 13:03:16,442 INFO  io.github.bonigarcia.wdm.WebDriverManager - Using chromedriver 149.0.7827.55 (resolved driver for Chrome 149)
2026-06-10 13:03:16,957 INFO  io.github.bonigarcia.wdm.WebDriverManager - Exporting webdriver.chrome.driver as C:\Users\bhara\.cache\selenium\chromedriver\win64\149.0.7827.55\chromedriver.exe
2026-06-10 13:30:22,514 INFO  org.testng.internal.Utils - [TestNG] Running:
  C:\wipo_Capstone_Project\testng.xml

2026-06-10 13:30:23,236 INFO  io.github.bonigarcia.wdm.WebDriverManager - Using chromedriver 149.0.7827.55 (resolved driver for Chrome 149)
2026-06-10 13:30:23,327 INFO  io.github.bonigarcia.wdm.WebDriverManager - Exporting webdriver.chrome.driver as C:\Users\bhara\.cache\selenium\chromedriver\win64\149.0.7827.55\chromedriver.exe
2026-06-10 13:30:28,053 INFO  io.github.bonigarcia.wdm.WebDriverManager - Using chromedriver 149.0.7827.55 (resolved driver for Chrome 149)
2026-06-10 13:30:28,128 INFO  io.github.bonigarcia.wdm.WebDriverManager - Exporting webdriver.chrome.driver as C:\Users\bhara\.cache\selenium\chromedriver\win64\149.0.7827.55\chromedriver.exe
2026-06-10 13:30:35,430 INFO  io.github.bonigarcia.wdm.WebDriverManager - Using chromedriver 149.0.7827.55 (resolved driver for Chrome 149)
2026-06-10 13:30:35,484 INFO  io.github.bonigarcia.wdm.WebDriverManager - Exporting webdriver.chrome.driver as C:\Users\bhara\.cache\selenium\chromedriver\win64\149.0.7827.55\chromedriver.exe
2026-06-10 13:30:46,755 INFO  io.github.bonigarcia.wdm.WebDriverManager - Using chromedriver 149.0.7827.55 (resolved driver for Chrome 149)
2026-06-10 13:30:46,847 INFO  io.github.bonigarcia.wdm.WebDriverManager - Exporting webdriver.chrome.driver as C:\Users\bhara\.cache\selenium\chromedriver\win64\149.0.7827.55\chromedriver.exe
2026-06-10 13:31:07,721 INFO  io.github.bonigarcia.wdm.WebDriverManager - Using chromedriver 149.0.7827.55 (resolved driver for Chrome 149)
2026-06-10 13:31:07,752 INFO  io.github.bonigarcia.wdm.WebDriverManager - Exporting webdriver.chrome.driver as C:\Users\bhara\.cache\selenium\chromedriver\win64\149.0.7827.55\chromedriver.exe
2026-06-10 13:31:18,512 INFO  io.github.bonigarcia.wdm.WebDriverManager - Using chromedriver 149.0.7827.55 (resolved driver for Chrome 149)
2026-06-10 13:31:18,578 INFO  io.github.bonigarcia.wdm.WebDriverManager - Exporting webdriver.chrome.driver as C:\Users\bhara\.cache\selenium\chromedriver\win64\149.0.7827.55\chromedriver.exe
2026-06-10 13:31:33,217 INFO  io.github.bonigarcia.wdm.WebDriverManager - Using chromedriver 149.0.7827.55 (resolved driver for Chrome 149)
2026-06-10 13:31:33,273 INFO  io.github.bonigarcia.wdm.WebDriverManager - Exporting webdriver.chrome.driver as C:\Users\bhara\.cache\selenium\chromedriver\win64\149.0.7827.55\chromedriver.exe
2026-06-10 13:31:44,882 INFO  io.github.bonigarcia.wdm.WebDriverManager - Using chromedriver 149.0.7827.55 (resolved driver for Chrome 149)
2026-06-10 13:31:44,951 INFO  io.github.bonigarcia.wdm.WebDriverManager - Exporting webdriver.chrome.driver as C:\Users\bhara\.cache\selenium\chromedriver\win64\149.0.7827.55\chromedriver.exe
2026-06-10 13:31:56,532 INFO  io.github.bonigarcia.wdm.WebDriverManager - Using chromedriver 149.0.7827.55 (resolved driver for Chrome 149)
2026-06-10 13:31:56,601 INFO  io.github.bonigarcia.wdm.WebDriverManager - Exporting webdriver.chrome.driver as C:\Users\bhara\.cache\selenium\chromedriver\win64\149.0.7827.55\chromedriver.exe
2026-06-10 13:32:07,273 INFO  io.github.bonigarcia.wdm.WebDriverManager - Using chromedriver 149.0.7827.55 (resolved driver for Chrome 149)
2026-06-10 13:32:07,349 INFO  io.github.bonigarcia.wdm.WebDriverManager - Exporting webdriver.chrome.driver as C:\Users\bhara\.cache\selenium\chromedriver\win64\149.0.7827.55\chromedriver.exe
2026-06-10 13:37:46,105 INFO  org.testng.internal.Utils - [TestNG] Running:
  C:\wipo_Capstone_Project\testng.xml

2026-06-10 13:37:46,866 INFO  io.github.bonigarcia.wdm.WebDriverManager - Using chromedriver 149.0.7827.55 (resolved driver for Chrome 149)
2026-06-10 13:37:46,929 INFO  io.github.bonigarcia.wdm.WebDriverManager - Exporting webdriver.chrome.driver as C:\Users\bhara\.cache\selenium\chromedriver\win64\149.0.7827.55\chromedriver.exe
2026-06-10 13:37:52,258 INFO  io.github.bonigarcia.wdm.WebDriverManager - Using chromedriver 149.0.7827.55 (resolved driver for Chrome 149)
2026-06-10 13:37:52,354 INFO  io.github.bonigarcia.wdm.WebDriverManager - Exporting webdriver.chrome.driver as C:\Users\bhara\.cache\selenium\chromedriver\win64\149.0.7827.55\chromedriver.exe
2026-06-10 13:37:56,784 INFO  io.github.bonigarcia.wdm.WebDriverManager - Using chromedriver 149.0.7827.55 (resolved driver for Chrome 149)
2026-06-10 13:37:56,854 INFO  io.github.bonigarcia.wdm.WebDriverManager - Exporting webdriver.chrome.driver as C:\Users\bhara\.cache\selenium\chromedriver\win64\149.0.7827.55\chromedriver.exe
2026-06-10 13:38:05,193 INFO  io.github.bonigarcia.wdm.WebDriverManager - Using chromedriver 149.0.7827.55 (resolved driver for Chrome 149)
2026-06-10 13:38:05,252 INFO  io.github.bonigarcia.wdm.WebDriverManager - Exporting webdriver.chrome.driver as C:\Users\bhara\.cache\selenium\chromedriver\win64\149.0.7827.55\chromedriver.exe
2026-06-10 13:38:22,074 INFO  io.github.bonigarcia.wdm.WebDriverManager - Using chromedriver 149.0.7827.55 (resolved driver for Chrome 149)
2026-06-10 13:38:22,157 INFO  io.github.bonigarcia.wdm.WebDriverManager - Exporting webdriver.chrome.driver as C:\Users\bhara\.cache\selenium\chromedriver\win64\149.0.7827.55\chromedriver.exe
2026-06-10 13:38:46,196 INFO  io.github.bonigarcia.wdm.WebDriverManager - Using chromedriver 149.0.7827.55 (resolved driver for Chrome 149)
2026-06-10 13:38:46,278 INFO  io.github.bonigarcia.wdm.WebDriverManager - Exporting webdriver.chrome.driver as C:\Users\bhara\.cache\selenium\chromedriver\win64\149.0.7827.55\chromedriver.exe
2026-06-10 13:39:05,567 INFO  io.github.bonigarcia.wdm.WebDriverManager - Using chromedriver 149.0.7827.55 (resolved driver for Chrome 149)
2026-06-10 13:39:05,645 INFO  io.github.bonigarcia.wdm.WebDriverManager - Exporting webdriver.chrome.driver as C:\Users\bhara\.cache\selenium\chromedriver\win64\149.0.7827.55\chromedriver.exe
2026-06-10 13:39:15,140 INFO  io.github.bonigarcia.wdm.WebDriverManager - Using chromedriver 149.0.7827.55 (resolved driver for Chrome 149)
2026-06-10 13:39:15,211 INFO  io.github.bonigarcia.wdm.WebDriverManager - Exporting webdriver.chrome.driver as C:\Users\bhara\.cache\selenium\chromedriver\win64\149.0.7827.55\chromedriver.exe
2026-06-10 13:39:34,511 INFO  io.github.bonigarcia.wdm.WebDriverManager - Using chromedriver 149.0.7827.55 (resolved driver for Chrome 149)
2026-06-10 13:39:34,571 INFO  io.github.bonigarcia.wdm.WebDriverManager - Exporting webdriver.chrome.driver as C:\Users\bhara\.cache\selenium\chromedriver\win64\149.0.7827.55\chromedriver.exe
2026-06-10 13:39:41,897 INFO  io.github.bonigarcia.wdm.WebDriverManager - Using chromedriver 149.0.7827.55 (resolved driver for Chrome 149)
2026-06-10 13:39:41,938 INFO  io.github.bonigarcia.wdm.WebDriverManager - Exporting webdriver.chrome.driver as C:\Users\bhara\.cache\selenium\chromedriver\win64\149.0.7827.55\chromedriver.exe
2026-06-10 13:56:28,522 INFO  org.testng.internal.Utils - [TestNG] Running:
  C:\wipo_Capstone_Project\testng.xml

2026-06-10 13:56:29,148 INFO  io.github.bonigarcia.wdm.WebDriverManager - Using chromedriver 149.0.7827.55 (resolved driver for Chrome 149)
2026-06-10 13:56:29,222 INFO  io.github.bonigarcia.wdm.WebDriverManager - Exporting webdriver.chrome.driver as C:\Users\bhara\.cache\selenium\chromedriver\win64\149.0.7827.55\chromedriver.exe
2026-06-10 13:56:34,978 INFO  io.github.bonigarcia.wdm.WebDriverManager - Using chromedriver 149.0.7827.55 (resolved driver for Chrome 149)
2026-06-10 13:56:35,058 INFO  io.github.bonigarcia.wdm.WebDriverManager - Exporting webdriver.chrome.driver as C:\Users\bhara\.cache\selenium\chromedriver\win64\149.0.7827.55\chromedriver.exe
2026-06-10 13:56:39,796 INFO  io.github.bonigarcia.wdm.WebDriverManager - Using chromedriver 149.0.7827.55 (resolved driver for Chrome 149)
2026-06-10 13:56:39,882 INFO  io.github.bonigarcia.wdm.WebDriverManager - Exporting webdriver.chrome.driver as C:\Users\bhara\.cache\selenium\chromedriver\win64\149.0.7827.55\chromedriver.exe
2026-06-10 13:56:47,077 INFO  io.github.bonigarcia.wdm.WebDriverManager - Using chromedriver 149.0.7827.55 (resolved driver for Chrome 149)
2026-06-10 13:56:47,125 INFO  io.github.bonigarcia.wdm.WebDriverManager - Exporting webdriver.chrome.driver as C:\Users\bhara\.cache\selenium\chromedriver\win64\149.0.7827.55\chromedriver.exe
2026-06-10 13:57:18,401 INFO  io.github.bonigarcia.wdm.WebDriverManager - Using chromedriver 149.0.7827.55 (resolved driver for Chrome 149)
2026-06-10 13:57:18,451 INFO  io.github.bonigarcia.wdm.WebDriverManager - Exporting webdriver.chrome.driver as C:\Users\bhara\.cache\selenium\chromedriver\win64\149.0.7827.55\chromedriver.exe
2026-06-10 13:57:27,357 INFO  io.github.bonigarcia.wdm.WebDriverManager - Using chromedriver 149.0.7827.55 (resolved driver for Chrome 149)
2026-06-10 13:57:27,423 INFO  io.github.bonigarcia.wdm.WebDriverManager - Exporting webdriver.chrome.driver as C:\Users\bhara\.cache\selenium\chromedriver\win64\149.0.7827.55\chromedriver.exe
2026-06-10 13:57:34,966 INFO  io.github.bonigarcia.wdm.WebDriverManager - Using chromedriver 149.0.7827.55 (resolved driver for Chrome 149)
2026-06-10 13:57:35,022 INFO  io.github.bonigarcia.wdm.WebDriverManager - Exporting webdriver.chrome.driver as C:\Users\bhara\.cache\selenium\chromedriver\win64\149.0.7827.55\chromedriver.exe
2026-06-10 13:57:52,039 INFO  io.github.bonigarcia.wdm.WebDriverManager - Using chromedriver 149.0.7827.55 (resolved driver for Chrome 149)
2026-06-10 13:57:52,099 INFO  io.github.bonigarcia.wdm.WebDriverManager - Exporting webdriver.chrome.driver as C:\Users\bhara\.cache\selenium\chromedriver\win64\149.0.7827.55\chromedriver.exe
2026-06-10 13:57:58,706 INFO  io.github.bonigarcia.wdm.WebDriverManager - Using chromedriver 149.0.7827.55 (resolved driver for Chrome 149)
2026-06-10 13:57:58,775 INFO  io.github.bonigarcia.wdm.WebDriverManager - Exporting webdriver.chrome.driver as C:\Users\bhara\.cache\selenium\chromedriver\win64\149.0.7827.55\chromedriver.exe
2026-06-10 13:58:16,596 INFO  io.github.bonigarcia.wdm.WebDriverManager - Using chromedriver 149.0.7827.55 (resolved driver for Chrome 149)
2026-06-10 13:58:16,662 INFO  io.github.bonigarcia.wdm.WebDriverManager - Exporting webdriver.chrome.driver as C:\Users\bhara\.cache\selenium\chromedriver\win64\149.0.7827.55\chromedriver.exe
2026-06-10 14:00:09,368 INFO  org.testng.internal.Utils - [TestNG] Running:
  C:\wipo_Capstone_Project\testng.xml

2026-06-10 14:00:10,103 INFO  io.github.bonigarcia.wdm.WebDriverManager - Using chromedriver 149.0.7827.55 (resolved driver for Chrome 149)
2026-06-10 14:00:10,180 INFO  io.github.bonigarcia.wdm.WebDriverManager - Exporting webdriver.chrome.driver as C:\Users\bhara\.cache\selenium\chromedriver\win64\149.0.7827.55\chromedriver.exe
2026-06-10 14:00:15,031 INFO  io.github.bonigarcia.wdm.WebDriverManager - Using chromedriver 149.0.7827.55 (resolved driver for Chrome 149)
2026-06-10 14:00:15,104 INFO  io.github.bonigarcia.wdm.WebDriverManager - Exporting webdriver.chrome.driver as C:\Users\bhara\.cache\selenium\chromedriver\win64\149.0.7827.55\chromedriver.exe
2026-06-10 14:00:19,743 INFO  io.github.bonigarcia.wdm.WebDriverManager - Using chromedriver 149.0.7827.55 (resolved driver for Chrome 149)
2026-06-10 14:00:19,812 INFO  io.github.bonigarcia.wdm.WebDriverManager - Exporting webdriver.chrome.driver as C:\Users\bhara\.cache\selenium\chromedriver\win64\149.0.7827.55\chromedriver.exe
2026-06-10 14:00:26,712 INFO  io.github.bonigarcia.wdm.WebDriverManager - Using chromedriver 149.0.7827.55 (resolved driver for Chrome 149)
2026-06-10 14:00:26,810 INFO  io.github.bonigarcia.wdm.WebDriverManager - Exporting webdriver.chrome.driver as C:\Users\bhara\.cache\selenium\chromedriver\win64\149.0.7827.55\chromedriver.exe
2026-06-10 14:17:32,837 INFO  org.testng.internal.Utils - [TestNG] Running:
  C:\wipo_Capstone_Project\src\test\resources\NegativeTest.xml

2026-06-10 14:17:35,500 INFO  io.github.bonigarcia.wdm.WebDriverManager - Using chromedriver 149.0.7827.55 (resolved driver for Chrome 149)
2026-06-10 14:17:35,540 INFO  io.github.bonigarcia.wdm.WebDriverManager - Exporting webdriver.chrome.driver as C:\Users\bhara\.cache\selenium\chromedriver\win64\149.0.7827.55\chromedriver.exe
2026-06-10 14:17:41,352 INFO  io.github.bonigarcia.wdm.WebDriverManager - Using chromedriver 149.0.7827.55 (resolved driver for Chrome 149)
2026-06-10 14:17:41,442 INFO  io.github.bonigarcia.wdm.WebDriverManager - Exporting webdriver.chrome.driver as C:\Users\bhara\.cache\selenium\chromedriver\win64\149.0.7827.55\chromedriver.exe
2026-06-10 14:17:45,640 INFO  io.github.bonigarcia.wdm.WebDriverManager - Using chromedriver 149.0.7827.55 (resolved driver for Chrome 149)
2026-06-10 14:17:45,712 INFO  io.github.bonigarcia.wdm.WebDriverManager - Exporting webdriver.chrome.driver as C:\Users\bhara\.cache\selenium\chromedriver\win64\149.0.7827.55\chromedriver.exe
2026-06-10 14:17:50,928 INFO  io.github.bonigarcia.wdm.WebDriverManager - Using chromedriver 149.0.7827.55 (resolved driver for Chrome 149)
2026-06-10 14:17:50,998 INFO  io.github.bonigarcia.wdm.WebDriverManager - Exporting webdriver.chrome.driver as C:\Users\bhara\.cache\selenium\chromedriver\win64\149.0.7827.55\chromedriver.exe
2026-06-10 14:18:11,872 INFO  io.github.bonigarcia.wdm.WebDriverManager - Using chromedriver 149.0.7827.55 (resolved driver for Chrome 149)
2026-06-10 14:18:11,922 INFO  io.github.bonigarcia.wdm.WebDriverManager - Exporting webdriver.chrome.driver as C:\Users\bhara\.cache\selenium\chromedriver\win64\149.0.7827.55\chromedriver.exe
2026-06-10 14:18:24,194 INFO  io.github.bonigarcia.wdm.WebDriverManager - Using chromedriver 149.0.7827.55 (resolved driver for Chrome 149)
2026-06-10 14:18:24,253 INFO  io.github.bonigarcia.wdm.WebDriverManager - Exporting webdriver.chrome.driver as C:\Users\bhara\.cache\selenium\chromedriver\win64\149.0.7827.55\chromedriver.exe
2026-06-10 15:49:00,794 INFO  org.testng.internal.Utils - [TestNG] Running:
  C:\wipo_Capstone_Project\testng.xml

2026-06-10 15:49:06,034 INFO  io.github.bonigarcia.wdm.WebDriverManager - Using chromedriver 149.0.7827.55 (resolved driver for Chrome 149)
2026-06-10 15:49:06,187 INFO  io.github.bonigarcia.wdm.WebDriverManager - Exporting webdriver.chrome.driver as C:\Users\bhara\.cache\selenium\chromedriver\win64\149.0.7827.55\chromedriver.exe
2026-06-10 15:49:13,495 INFO  io.github.bonigarcia.wdm.WebDriverManager - Using chromedriver 149.0.7827.55 (resolved driver for Chrome 149)
2026-06-10 15:49:13,601 INFO  io.github.bonigarcia.wdm.WebDriverManager - Exporting webdriver.chrome.driver as C:\Users\bhara\.cache\selenium\chromedriver\win64\149.0.7827.55\chromedriver.exe
2026-06-10 15:49:19,273 INFO  io.github.bonigarcia.wdm.WebDriverManager - Using chromedriver 149.0.7827.55 (resolved driver for Chrome 149)
2026-06-10 15:49:19,349 INFO  io.github.bonigarcia.wdm.WebDriverManager - Exporting webdriver.chrome.driver as C:\Users\bhara\.cache\selenium\chromedriver\win64\149.0.7827.55\chromedriver.exe
2026-06-10 15:49:27,998 INFO  io.github.bonigarcia.wdm.WebDriverManager - Using chromedriver 149.0.7827.55 (resolved driver for Chrome 149)
2026-06-10 15:49:28,164 INFO  io.github.bonigarcia.wdm.WebDriverManager - Exporting webdriver.chrome.driver as C:\Users\bhara\.cache\selenium\chromedriver\win64\149.0.7827.55\chromedriver.exe
2026-06-10 15:49:53,859 INFO  io.github.bonigarcia.wdm.WebDriverManager - Using chromedriver 149.0.7827.55 (resolved driver for Chrome 149)
2026-06-10 15:49:53,959 INFO  io.github.bonigarcia.wdm.WebDriverManager - Exporting webdriver.chrome.driver as C:\Users\bhara\.cache\selenium\chromedriver\win64\149.0.7827.55\chromedriver.exe
2026-06-10 15:50:21,465 INFO  io.github.bonigarcia.wdm.WebDriverManager - Using chromedriver 149.0.7827.55 (resolved driver for Chrome 149)
2026-06-10 15:50:21,545 INFO  io.github.bonigarcia.wdm.WebDriverManager - Exporting webdriver.chrome.driver as C:\Users\bhara\.cache\selenium\chromedriver\win64\149.0.7827.55\chromedriver.exe
2026-06-10 15:50:30,901 INFO  io.github.bonigarcia.wdm.WebDriverManager - Using chromedriver 149.0.7827.55 (resolved driver for Chrome 149)
2026-06-10 15:50:30,980 INFO  io.github.bonigarcia.wdm.WebDriverManager - Exporting webdriver.chrome.driver as C:\Users\bhara\.cache\selenium\chromedriver\win64\149.0.7827.55\chromedriver.exe
2026-06-10 15:50:54,225 INFO  io.github.bonigarcia.wdm.WebDriverManager - Using chromedriver 149.0.7827.55 (resolved driver for Chrome 149)
2026-06-10 15:50:54,319 INFO  io.github.bonigarcia.wdm.WebDriverManager - Exporting webdriver.chrome.driver as C:\Users\bhara\.cache\selenium\chromedriver\win64\149.0.7827.55\chromedriver.exe
2026-06-10 15:51:06,617 INFO  io.github.bonigarcia.wdm.WebDriverManager - Using chromedriver 149.0.7827.55 (resolved driver for Chrome 149)
2026-06-10 15:51:06,701 INFO  io.github.bonigarcia.wdm.WebDriverManager - Exporting webdriver.chrome.driver as C:\Users\bhara\.cache\selenium\chromedriver\win64\149.0.7827.55\chromedriver.exe
2026-06-10 15:51:27,483 INFO  io.github.bonigarcia.wdm.WebDriverManager - Using chromedriver 149.0.7827.55 (resolved driver for Chrome 149)
2026-06-10 15:51:27,589 INFO  io.github.bonigarcia.wdm.WebDriverManager - Exporting webdriver.chrome.driver as C:\Users\bhara\.cache\selenium\chromedriver\win64\149.0.7827.55\chromedriver.exe
2026-06-10 15:58:26,336 INFO  org.testng.internal.Utils - [TestNG] Running:
  C:\wipo_Capstone_Project\testng.xml

2026-06-10 15:58:26,966 INFO  io.github.bonigarcia.wdm.WebDriverManager - Using chromedriver 149.0.7827.55 (resolved driver for Chrome 149)
2026-06-10 15:58:27,042 INFO  io.github.bonigarcia.wdm.WebDriverManager - Exporting webdriver.chrome.driver as C:\Users\bhara\.cache\selenium\chromedriver\win64\149.0.7827.55\chromedriver.exe
2026-06-10 15:58:31,602 INFO  io.github.bonigarcia.wdm.WebDriverManager - Using chromedriver 149.0.7827.55 (resolved driver for Chrome 149)
2026-06-10 15:58:31,666 INFO  io.github.bonigarcia.wdm.WebDriverManager - Exporting webdriver.chrome.driver as C:\Users\bhara\.cache\selenium\chromedriver\win64\149.0.7827.55\chromedriver.exe
2026-06-10 15:58:35,739 INFO  io.github.bonigarcia.wdm.WebDriverManager - Using chromedriver 149.0.7827.55 (resolved driver for Chrome 149)
2026-06-10 15:58:35,798 INFO  io.github.bonigarcia.wdm.WebDriverManager - Exporting webdriver.chrome.driver as C:\Users\bhara\.cache\selenium\chromedriver\win64\149.0.7827.55\chromedriver.exe
2026-06-10 15:58:41,604 INFO  io.github.bonigarcia.wdm.WebDriverManager - Using chromedriver 149.0.7827.55 (resolved driver for Chrome 149)
2026-06-10 15:58:41,654 INFO  io.github.bonigarcia.wdm.WebDriverManager - Exporting webdriver.chrome.driver as C:\Users\bhara\.cache\selenium\chromedriver\win64\149.0.7827.55\chromedriver.exe
2026-06-10 15:59:02,082 INFO  io.github.bonigarcia.wdm.WebDriverManager - Using chromedriver 149.0.7827.55 (resolved driver for Chrome 149)
2026-06-10 15:59:02,147 INFO  io.github.bonigarcia.wdm.WebDriverManager - Exporting webdriver.chrome.driver as C:\Users\bhara\.cache\selenium\chromedriver\win64\149.0.7827.55\chromedriver.exe
2026-06-10 15:59:16,614 INFO  io.github.bonigarcia.wdm.WebDriverManager - Using chromedriver 149.0.7827.55 (resolved driver for Chrome 149)
2026-06-10 15:59:16,664 INFO  io.github.bonigarcia.wdm.WebDriverManager - Exporting webdriver.chrome.driver as C:\Users\bhara\.cache\selenium\chromedriver\win64\149.0.7827.55\chromedriver.exe
2026-06-10 15:59:22,792 INFO  io.github.bonigarcia.wdm.WebDriverManager - Using chromedriver 149.0.7827.55 (resolved driver for Chrome 149)
2026-06-10 15:59:22,860 INFO  io.github.bonigarcia.wdm.WebDriverManager - Exporting webdriver.chrome.driver as C:\Users\bhara\.cache\selenium\chromedriver\win64\149.0.7827.55\chromedriver.exe
2026-06-10 15:59:40,850 INFO  io.github.bonigarcia.wdm.WebDriverManager - Using chromedriver 149.0.7827.55 (resolved driver for Chrome 149)
2026-06-10 15:59:40,891 INFO  io.github.bonigarcia.wdm.WebDriverManager - Exporting webdriver.chrome.driver as C:\Users\bhara\.cache\selenium\chromedriver\win64\149.0.7827.55\chromedriver.exe
2026-06-10 15:59:48,369 INFO  io.github.bonigarcia.wdm.WebDriverManager - Using chromedriver 149.0.7827.55 (resolved driver for Chrome 149)
2026-06-10 15:59:48,411 INFO  io.github.bonigarcia.wdm.WebDriverManager - Exporting webdriver.chrome.driver as C:\Users\bhara\.cache\selenium\chromedriver\win64\149.0.7827.55\chromedriver.exe
2026-06-10 16:00:02,579 INFO  io.github.bonigarcia.wdm.WebDriverManager - Using chromedriver 149.0.7827.55 (resolved driver for Chrome 149)
2026-06-10 16:00:02,635 INFO  io.github.bonigarcia.wdm.WebDriverManager - Exporting webdriver.chrome.driver as C:\Users\bhara\.cache\selenium\chromedriver\win64\149.0.7827.55\chromedriver.exe
2026-06-10 16:03:06,191 INFO  org.testng.internal.Utils - [TestNG] Running:
  C:\wipo_Capstone_Project\testng.xml

2026-06-10 16:03:06,828 INFO  io.github.bonigarcia.wdm.WebDriverManager - Using chromedriver 149.0.7827.55 (resolved driver for Chrome 149)
2026-06-10 16:03:06,899 INFO  io.github.bonigarcia.wdm.WebDriverManager - Exporting webdriver.chrome.driver as C:\Users\bhara\.cache\selenium\chromedriver\win64\149.0.7827.55\chromedriver.exe
2026-06-10 16:03:12,310 INFO  io.github.bonigarcia.wdm.WebDriverManager - Using chromedriver 149.0.7827.55 (resolved driver for Chrome 149)
2026-06-10 16:03:12,383 INFO  io.github.bonigarcia.wdm.WebDriverManager - Exporting webdriver.chrome.driver as C:\Users\bhara\.cache\selenium\chromedriver\win64\149.0.7827.55\chromedriver.exe
2026-06-10 16:03:17,424 INFO  io.github.bonigarcia.wdm.WebDriverManager - Using chromedriver 149.0.7827.55 (resolved driver for Chrome 149)
2026-06-10 16:03:17,477 INFO  io.github.bonigarcia.wdm.WebDriverManager - Exporting webdriver.chrome.driver as C:\Users\bhara\.cache\selenium\chromedriver\win64\149.0.7827.55\chromedriver.exe
2026-06-10 16:03:32,224 INFO  io.github.bonigarcia.wdm.WebDriverManager - Using chromedriver 149.0.7827.55 (resolved driver for Chrome 149)
2026-06-10 16:03:32,284 INFO  io.github.bonigarcia.wdm.WebDriverManager - Exporting webdriver.chrome.driver as C:\Users\bhara\.cache\selenium\chromedriver\win64\149.0.7827.55\chromedriver.exe
2026-06-10 16:03:47,442 INFO  io.github.bonigarcia.wdm.WebDriverManager - Using chromedriver 149.0.7827.55 (resolved driver for Chrome 149)
2026-06-10 16:03:47,498 INFO  io.github.bonigarcia.wdm.WebDriverManager - Exporting webdriver.chrome.driver as C:\Users\bhara\.cache\selenium\chromedriver\win64\149.0.7827.55\chromedriver.exe
2026-06-10 16:04:13,560 INFO  io.github.bonigarcia.wdm.WebDriverManager - Using chromedriver 149.0.7827.55 (resolved driver for Chrome 149)
2026-06-10 16:04:13,615 INFO  io.github.bonigarcia.wdm.WebDriverManager - Exporting webdriver.chrome.driver as C:\Users\bhara\.cache\selenium\chromedriver\win64\149.0.7827.55\chromedriver.exe
2026-06-10 16:04:22,838 INFO  io.github.bonigarcia.wdm.WebDriverManager - Using chromedriver 149.0.7827.55 (resolved driver for Chrome 149)
2026-06-10 16:04:22,900 INFO  io.github.bonigarcia.wdm.WebDriverManager - Exporting webdriver.chrome.driver as C:\Users\bhara\.cache\selenium\chromedriver\win64\149.0.7827.55\chromedriver.exe
2026-06-10 16:04:42,278 INFO  io.github.bonigarcia.wdm.WebDriverManager - Using chromedriver 149.0.7827.55 (resolved driver for Chrome 149)
2026-06-10 16:04:42,320 INFO  io.github.bonigarcia.wdm.WebDriverManager - Exporting webdriver.chrome.driver as C:\Users\bhara\.cache\selenium\chromedriver\win64\149.0.7827.55\chromedriver.exe
2026-06-10 16:04:51,633 INFO  io.github.bonigarcia.wdm.WebDriverManager - Using chromedriver 149.0.7827.55 (resolved driver for Chrome 149)
2026-06-10 16:04:51,666 INFO  io.github.bonigarcia.wdm.WebDriverManager - Exporting webdriver.chrome.driver as C:\Users\bhara\.cache\selenium\chromedriver\win64\149.0.7827.55\chromedriver.exe
2026-06-10 16:05:10,735 INFO  io.github.bonigarcia.wdm.WebDriverManager - Using chromedriver 149.0.7827.55 (resolved driver for Chrome 149)
2026-06-10 16:05:10,785 INFO  io.github.bonigarcia.wdm.WebDriverManager - Exporting webdriver.chrome.driver as C:\Users\bhara\.cache\selenium\chromedriver\win64\149.0.7827.55\chromedriver.exe
